// Vitest Snapshot v1

exports[`note adding > if the title and textcontent are empty, then the note won't be added 1`] = `
<KeepApp
  user={
    {
      "displayName": "Test",
      "email": "test@test.com",
      "emailVerified": true,
      "isAnonymous": false,
      "metadata": {
        "object": "object",
      },
      "phoneNumber": "",
      "photoURL": "",
      "providerData": [
        {
          "object": "object",
        },
      ],
      "providerId": "1",
      "refreshToken": "1",
      "tenantId": "1",
      "uid": "demo",
    }
  }
/>
`;
